E:\FPT\semester 7\PRN222\Project\GearZone\GearZone.Web\Pages\Admin\StoreManagement\Detail.cshtml.cs(48,17): error CS0117: 'AdminOrderQueryDto' does not contain a definition for 'StoreId' [E:\FPT\semester 7\PRN222\Project\GearZone\GearZone.Web\GearZone.Web.csproj]
E:\FPT\semester 7\PRN222\Project\GearZone\GearZone.Web\Pages\Admin\StoreManagement\Detail.cshtml(553,52): error CS1061: 'AdminOrderDto' does not contain a definition for 'Status' and no accessible extension method 'Status' accepting a first argument of type 'AdminOrderDto' could be found (are you missing a using directive or an assembly reference?) [E:\FPT\semester 7\PRN222\Project\GearZone\GearZone.Web\GearZone.Web.csproj]
E:\FPT\semester 7\PRN222\Project\GearZone\GearZone.Web\Pages\Admin\StoreManagement\Detail.cshtml(559,56): error CS1061: 'AdminOrderDto' does not contain a definition for 'Status' and no accessible extension method 'Status' accepting a first argument of type 'AdminOrderDto' could be found (are you missing a using directive or an assembly reference?) [E:\FPT\semester 7\PRN222\Project\GearZone\GearZone.Web\GearZone.Web.csproj]
E:\FPT\semester 7\PRN222\Project\GearZone\GearZone.Web\Pages\Admin\StoreManagement\Detail.cshtml(559,86): error CS1061: 'AdminOrderDto' does not contain a definition for 'Status' and no accessible extension method 'Status' accepting a first argument of type 'AdminOrderDto' could be found (are you missing a using directive or an assembly reference?) [E:\FPT\semester 7\PRN222\Project\GearZone\GearZone.Web\GearZone.Web.csproj]
E:\FPT\semester 7\PRN222\Project\GearZone\GearZone.Web\Pages\Admin\StoreManagement\Detail.cshtml(562,112): error CS1061: 'AdminOrderDto' does not contain a definition for 'Status' and no accessible extension method 'Status' accepting a first argument of type 'AdminOrderDto' could be found (are you missing a using directive or an assembly reference?) [E:\FPT\semester 7\PRN222\Project\GearZone\GearZone.Web\GearZone.Web.csproj]
E:\FPT\semester 7\PRN222\Project\GearZone\GearZone.Web\Pages\Admin\StoreManagement\Detail.cshtml(565,56): error CS1061: 'AdminOrderDto' does not contain a definition for 'Status' and no accessible extension method 'Status' accepting a first argument of type 'AdminOrderDto' could be found (are you missing a using directive or an assembly reference?) [E:\FPT\semester 7\PRN222\Project\GearZone\GearZone.Web\GearZone.Web.csproj]
E:\FPT\semester 7\PRN222\Project\GearZone\GearZone.Web\Pages\Admin\StoreManagement\Detail.cshtml(565,87): error CS1061: 'AdminOrderDto' does not contain a definition for 'Status' and no accessible extension method 'Status' accepting a first argument of type 'AdminOrderDto' could be found (are you missing a using directive or an assembly reference?) [E:\FPT\semester 7\PRN222\Project\GearZone\GearZone.Web\GearZone.Web.csproj]
E:\FPT\semester 7\PRN222\Project\GearZone\GearZone.Web\Pages\Admin\StoreManagement\Detail.cshtml(568,113): error CS1061: 'AdminOrderDto' does not contain a definition for 'Status' and no accessible extension method 'Status' accepting a first argument of type 'AdminOrderDto' could be found (are you missing a using directive or an assembly reference?) [E:\FPT\semester 7\PRN222\Project\GearZone\GearZone.Web\GearZone.Web.csproj]
E:\FPT\semester 7\PRN222\Project\GearZone\GearZone.Web\Pages\Admin\StoreManagement\Detail.cshtml(571,56): error CS1061: 'AdminOrderDto' does not contain a definition for 'Status' and no accessible extension method 'Status' accepting a first argument of type 'AdminOrderDto' could be found (are you missing a using directive or an assembly reference?) [E:\FPT\semester 7\PRN222\Project\GearZone\GearZone.Web\GearZone.Web.csproj]
E:\FPT\semester 7\PRN222\Project\GearZone\GearZone.Web\Pages\Admin\StoreManagement\Detail.cshtml(571,86): error CS1061: 'AdminOrderDto' does not contain a definition for 'Status' and no accessible extension method 'Status' accepting a first argument of type 'AdminOrderDto' could be found (are you missing a using directive or an assembly reference?) [E:\FPT\semester 7\PRN222\Project\GearZone\GearZone.Web\GearZone.Web.csproj]
E:\FPT\semester 7\PRN222\Project\GearZone\GearZone.Web\Pages\Admin\StoreManagement\Detail.cshtml(574,111): error CS1061: 'AdminOrderDto' does not contain a definition for 'Status' and no accessible extension method 'Status' accepting a first argument of type 'AdminOrderDto' could be found (are you missing a using directive or an assembly reference?) [E:\FPT\semester 7\PRN222\Project\GearZone\GearZone.Web\GearZone.Web.csproj]
E:\FPT\semester 7\PRN222\Project\GearZone\GearZone.Web\Pages\Admin\StoreManagement\Detail.cshtml(579,52): error CS1061: 'AdminOrderDto' does not contain a definition for 'PayoutStatus' and no accessible extension method 'PayoutStatus' accepting a first argument of type 'AdminOrderDto' could be found (are you missing a using directive or an assembly reference?) [E:\FPT\semester 7\PRN222\Project\GearZone\GearZone.Web\GearZone.Web.csproj]
E:\FPT\semester 7\PRN222\Project\GearZone\GearZone.Web\Pages\Admin\StoreManagement\Detail.cshtml(585,56): error CS1061: 'AdminOrderDto' does not contain a definition for 'PayoutStatus' and no accessible extension method 'PayoutStatus' accepting a first argument of type 'AdminOrderDto' could be found (are you missing a using directive or an assembly reference?) [E:\FPT\semester 7\PRN222\Project\GearZone\GearZone.Web\GearZone.Web.csproj]

Build FAILED.
    18 Warning(s)
    13 Error(s)

Time Elapsed 00:00:03.43
