  Determining projects to restore...
C:\Users\ADMIN\Desktop\ProjPRN222\GearZone\GearZone.Application\GearZone.Application.csproj : warning NU1510: PackageReference Microsoft.AspNetCore.Diagnostics.Abstractions will not be pruned. Consider removing this package from your dependencies, as it is likely unnecessary. [C:\Users\ADMIN\Desktop\ProjPRN222\GearZone\GearZone.slnx]
C:\Users\ADMIN\Desktop\ProjPRN222\GearZone\GearZone.Infrastructure\GearZone.Infrastructure.csproj : warning NU1510: PackageReference Microsoft.Extensions.DependencyInjection will not be pruned. Consider removing this package from your dependencies, as it is likely unnecessary. [C:\Users\ADMIN\Desktop\ProjPRN222\GearZone\GearZone.slnx]
C:\Users\ADMIN\Desktop\ProjPRN222\GearZone\GearZone.Application\GearZone.Application.csproj : warning NU1510: PackageReference Microsoft.AspNetCore.Mvc.Core will not be pruned. Consider removing this package from your dependencies, as it is likely unnecessary. [C:\Users\ADMIN\Desktop\ProjPRN222\GearZone\GearZone.slnx]
C:\Users\ADMIN\Desktop\ProjPRN222\GearZone\GearZone.Application\GearZone.Application.csproj : warning NU1903: Package 'Newtonsoft.Json' 9.0.1 has a known high severity vulnerability, https://github.com/advisories/GHSA-5crp-9r3c-p9vr [C:\Users\ADMIN\Desktop\ProjPRN222\GearZone\GearZone.slnx]
  All projects are up-to-date for restore.
C:\Users\ADMIN\Desktop\ProjPRN222\GearZone\GearZone.Infrastructure\GearZone.Infrastructure.csproj : warning NU1510: PackageReference Microsoft.Extensions.DependencyInjection will not be pruned. Consider removing this package from your dependencies, as it is likely unnecessary.
  GearZone.Domain -> C:\Users\ADMIN\Desktop\ProjPRN222\GearZone\GearZone.Domain\bin\Debug\net10.0\GearZone.Domain.dll
C:\Users\ADMIN\Desktop\ProjPRN222\GearZone\GearZone.Application\GearZone.Application.csproj : warning NU1510: PackageReference Microsoft.AspNetCore.Diagnostics.Abstractions will not be pruned. Consider removing this package from your dependencies, as it is likely unnecessary.
C:\Users\ADMIN\Desktop\ProjPRN222\GearZone\GearZone.Application\GearZone.Application.csproj : warning NU1510: PackageReference Microsoft.AspNetCore.Mvc.Core will not be pruned. Consider removing this package from your dependencies, as it is likely unnecessary.
C:\Users\ADMIN\Desktop\ProjPRN222\GearZone\GearZone.Application\GearZone.Application.csproj : warning NU1903: Package 'Newtonsoft.Json' 9.0.1 has a known high severity vulnerability, https://github.com/advisories/GHSA-5crp-9r3c-p9vr
  GearZone.Application -> C:\Users\ADMIN\Desktop\ProjPRN222\GearZone\GearZone.Application\bin\Debug\net10.0\GearZone.Application.dll
C:\Users\ADMIN\Desktop\ProjPRN222\GearZone\GearZone.Infrastructure\Repositories\SystemSettingRepository.cs(12,43): warning CS0108: 'SystemSettingRepository._context' hides inherited member 'Repository<SystemSetting, Guid>._context'. Use the new keyword if hiding was intended. [C:\Users\ADMIN\Desktop\ProjPRN222\GearZone\GearZone.Infrastructure\GearZone.Infrastructure.csproj]
C:\Users\ADMIN\Desktop\ProjPRN222\GearZone\GearZone.Infrastructure\DependencyInjection.cs(14,32): error CS0246: The type or namespace name 'IUnitOfWork' could not be found (are you missing a using directive or an assembly reference?) [C:\Users\ADMIN\Desktop\ProjPRN222\GearZone\GearZone.Infrastructure\GearZone.Infrastructure.csproj]
C:\Users\ADMIN\Desktop\ProjPRN222\GearZone\GearZone.Infrastructure\DependencyInjection.cs(14,45): error CS0246: The type or namespace name 'UnitOfWork' could not be found (are you missing a using directive or an assembly reference?) [C:\Users\ADMIN\Desktop\ProjPRN222\GearZone\GearZone.Infrastructure\GearZone.Infrastructure.csproj]
C:\Users\ADMIN\Desktop\ProjPRN222\GearZone\GearZone.Infrastructure\DependencyInjection.cs(15,32): error CS0246: The type or namespace name 'IFileStorageService' could not be found (are you missing a using directive or an assembly reference?) [C:\Users\ADMIN\Desktop\ProjPRN222\GearZone\GearZone.Infrastructure\GearZone.Infrastructure.csproj]
C:\Users\ADMIN\Desktop\ProjPRN222\GearZone\GearZone.Infrastructure\DependencyInjection.cs(15,53): error CS0246: The type or namespace name 'CloudinaryStorageService' could not be found (are you missing a using directive or an assembly reference?) [C:\Users\ADMIN\Desktop\ProjPRN222\GearZone\GearZone.Infrastructure\GearZone.Infrastructure.csproj]
C:\Users\ADMIN\Desktop\ProjPRN222\GearZone\GearZone.Infrastructure\DependencyInjection.cs(16,32): error CS0246: The type or namespace name 'IEmailService' could not be found (are you missing a using directive or an assembly reference?) [C:\Users\ADMIN\Desktop\ProjPRN222\GearZone\GearZone.Infrastructure\GearZone.Infrastructure.csproj]
C:\Users\ADMIN\Desktop\ProjPRN222\GearZone\GearZone.Infrastructure\DependencyInjection.cs(16,47): error CS0246: The type or namespace name 'SmtpEmailService' could not be found (are you missing a using directive or an assembly reference?) [C:\Users\ADMIN\Desktop\ProjPRN222\GearZone\GearZone.Infrastructure\GearZone.Infrastructure.csproj]
C:\Users\ADMIN\Desktop\ProjPRN222\GearZone\GearZone.Infrastructure\DependencyInjection.cs(17,32): error CS0246: The type or namespace name 'IPaymentService' could not be found (are you missing a using directive or an assembly reference?) [C:\Users\ADMIN\Desktop\ProjPRN222\GearZone\GearZone.Infrastructure\GearZone.Infrastructure.csproj]
C:\Users\ADMIN\Desktop\ProjPRN222\GearZone\GearZone.Infrastructure\DependencyInjection.cs(17,49): error CS0246: The type or namespace name 'PayOSPaymentService' could not be found (are you missing a using directive or an assembly reference?) [C:\Users\ADMIN\Desktop\ProjPRN222\GearZone\GearZone.Infrastructure\GearZone.Infrastructure.csproj]
C:\Users\ADMIN\Desktop\ProjPRN222\GearZone\GearZone.Infrastructure\DependencyInjection.cs(18,32): error CS0246: The type or namespace name 'ICartRepository' could not be found (are you missing a using directive or an assembly reference?) [C:\Users\ADMIN\Desktop\ProjPRN222\GearZone\GearZone.Infrastructure\GearZone.Infrastructure.csproj]
C:\Users\ADMIN\Desktop\ProjPRN222\GearZone\GearZone.Infrastructure\DependencyInjection.cs(18,49): error CS0246: The type or namespace name 'CartRepository' could not be found (are you missing a using directive or an assembly reference?) [C:\Users\ADMIN\Desktop\ProjPRN222\GearZone\GearZone.Infrastructure\GearZone.Infrastructure.csproj]
C:\Users\ADMIN\Desktop\ProjPRN222\GearZone\GearZone.Infrastructure\DependencyInjection.cs(19,32): error CS0246: The type or namespace name 'ICartItemRepository' could not be found (are you missing a using directive or an assembly reference?) [C:\Users\ADMIN\Desktop\ProjPRN222\GearZone\GearZone.Infrastructure\GearZone.Infrastructure.csproj]
C:\Users\ADMIN\Desktop\ProjPRN222\GearZone\GearZone.Infrastructure\DependencyInjection.cs(19,53): error CS0246: The type or namespace name 'CartItemRepository' could not be found (are you missing a using directive or an assembly reference?) [C:\Users\ADMIN\Desktop\ProjPRN222\GearZone\GearZone.Infrastructure\GearZone.Infrastructure.csproj]
C:\Users\ADMIN\Desktop\ProjPRN222\GearZone\GearZone.Infrastructure\DependencyInjection.cs(20,32): error CS0246: The type or namespace name 'ICategoryRepository' could not be found (are you missing a using directive or an assembly reference?) [C:\Users\ADMIN\Desktop\ProjPRN222\GearZone\GearZone.Infrastructure\GearZone.Infrastructure.csproj]
C:\Users\ADMIN\Desktop\ProjPRN222\GearZone\GearZone.Infrastructure\DependencyInjection.cs(20,53): error CS0246: The type or namespace name 'CategoryRepository' could not be found (are you missing a using directive or an assembly reference?) [C:\Users\ADMIN\Desktop\ProjPRN222\GearZone\GearZone.Infrastructure\GearZone.Infrastructure.csproj]
C:\Users\ADMIN\Desktop\ProjPRN222\GearZone\GearZone.Infrastructure\DependencyInjection.cs(21,32): error CS0246: The type or namespace name 'IInventoryTransactionRepository' could not be found (are you missing a using directive or an assembly reference?) [C:\Users\ADMIN\Desktop\ProjPRN222\GearZone\GearZone.Infrastructure\GearZone.Infrastructure.csproj]
C:\Users\ADMIN\Desktop\ProjPRN222\GearZone\GearZone.Infrastructure\DependencyInjection.cs(21,65): error CS0246: The type or namespace name 'InventoryTransactionRepository' could not be found (are you missing a using directive or an assembly reference?) [C:\Users\ADMIN\Desktop\ProjPRN222\GearZone\GearZone.Infrastructure\GearZone.Infrastructure.csproj]
C:\Users\ADMIN\Desktop\ProjPRN222\GearZone\GearZone.Infrastructure\DependencyInjection.cs(22,32): error CS0246: The type or namespace name 'IOrderRepository' could not be found (are you missing a using directive or an assembly reference?) [C:\Users\ADMIN\Desktop\ProjPRN222\GearZone\GearZone.Infrastructure\GearZone.Infrastructure.csproj]
C:\Users\ADMIN\Desktop\ProjPRN222\GearZone\GearZone.Infrastructure\DependencyInjection.cs(22,50): error CS0246: The type or namespace name 'OrderRepository' could not be found (are you missing a using directive or an assembly reference?) [C:\Users\ADMIN\Desktop\ProjPRN222\GearZone\GearZone.Infrastructure\GearZone.Infrastructure.csproj]
C:\Users\ADMIN\Desktop\ProjPRN222\GearZone\GearZone.Infrastructure\DependencyInjection.cs(23,32): error CS0246: The type or namespace name 'IOrderItemRepository' could not be found (are you missing a using directive or an assembly reference?) [C:\Users\ADMIN\Desktop\ProjPRN222\GearZone\GearZone.Infrastructure\GearZone.Infrastructure.csproj]
C:\Users\ADMIN\Desktop\ProjPRN222\GearZone\GearZone.Infrastructure\DependencyInjection.cs(23,54): error CS0246: The type or namespace name 'OrderItemRepository' could not be found (are you missing a using directive or an assembly reference?) [C:\Users\ADMIN\Desktop\ProjPRN222\GearZone\GearZone.Infrastructure\GearZone.Infrastructure.csproj]
C:\Users\ADMIN\Desktop\ProjPRN222\GearZone\GearZone.Infrastructure\DependencyInjection.cs(24,32): error CS0246: The type or namespace name 'IOrderStatusHistoryRepository' could not be found (are you missing a using directive or an assembly reference?) [C:\Users\ADMIN\Desktop\ProjPRN222\GearZone\GearZone.Infrastructure\GearZone.Infrastructure.csproj]
C:\Users\ADMIN\Desktop\ProjPRN222\GearZone\GearZone.Infrastructure\DependencyInjection.cs(24,63): error CS0246: The type or namespace name 'OrderStatusHistoryRepository' could not be found (are you missing a using directive or an assembly reference?) [C:\Users\ADMIN\Desktop\ProjPRN222\GearZone\GearZone.Infrastructure\GearZone.Infrastructure.csproj]
C:\Users\ADMIN\Desktop\ProjPRN222\GearZone\GearZone.Infrastructure\DependencyInjection.cs(25,32): error CS0246: The type or namespace name 'IPaymentRepository' could not be found (are you missing a using directive or an assembly reference?) [C:\Users\ADMIN\Desktop\ProjPRN222\GearZone\GearZone.Infrastructure\GearZone.Infrastructure.csproj]
C:\Users\ADMIN\Desktop\ProjPRN222\GearZone\GearZone.Infrastructure\DependencyInjection.cs(25,52): error CS0246: The type or namespace name 'PaymentRepository' could not be found (are you missing a using directive or an assembly reference?) [C:\Users\ADMIN\Desktop\ProjPRN222\GearZone\GearZone.Infrastructure\GearZone.Infrastructure.csproj]
C:\Users\ADMIN\Desktop\ProjPRN222\GearZone\GearZone.Infrastructure\DependencyInjection.cs(26,32): error CS0246: The type or namespace name 'IProductRepository' could not be found (are you missing a using directive or an assembly reference?) [C:\Users\ADMIN\Desktop\ProjPRN222\GearZone\GearZone.Infrastructure\GearZone.Infrastructure.csproj]
C:\Users\ADMIN\Desktop\ProjPRN222\GearZone\GearZone.Infrastructure\DependencyInjection.cs(26,52): error CS0246: The type or namespace name 'ProductRepository' could not be found (are you missing a using directive or an assembly reference?) [C:\Users\ADMIN\Desktop\ProjPRN222\GearZone\GearZone.Infrastructure\GearZone.Infrastructure.csproj]
C:\Users\ADMIN\Desktop\ProjPRN222\GearZone\GearZone.Infrastructure\DependencyInjection.cs(27,32): error CS0246: The type or namespace name 'IProductImageRepository' could not be found (are you missing a using directive or an assembly reference?) [C:\Users\ADMIN\Desktop\ProjPRN222\GearZone\GearZone.Infrastructure\GearZone.Infrastructure.csproj]
C:\Users\ADMIN\Desktop\ProjPRN222\GearZone\GearZone.Infrastructure\DependencyInjection.cs(27,57): error CS0246: The type or namespace name 'ProductImageRepository' could not be found (are you missing a using directive or an assembly reference?) [C:\Users\ADMIN\Desktop\ProjPRN222\GearZone\GearZone.Infrastructure\GearZone.Infrastructure.csproj]
C:\Users\ADMIN\Desktop\ProjPRN222\GearZone\GearZone.Infrastructure\DependencyInjection.cs(28,32): error CS0246: The type or namespace name 'IProductVariantRepository' could not be found (are you missing a using directive or an assembly reference?) [C:\Users\ADMIN\Desktop\ProjPRN222\GearZone\GearZone.Infrastructure\GearZone.Infrastructure.csproj]
C:\Users\ADMIN\Desktop\ProjPRN222\GearZone\GearZone.Infrastructure\DependencyInjection.cs(28,59): error CS0246: The type or namespace name 'ProductVariantRepository' could not be found (are you missing a using directive or an assembly reference?) [C:\Users\ADMIN\Desktop\ProjPRN222\GearZone\GearZone.Infrastructure\GearZone.Infrastructure.csproj]
C:\Users\ADMIN\Desktop\ProjPRN222\GearZone\GearZone.Infrastructure\DependencyInjection.cs(29,32): error CS0246: The type or namespace name 'IStoreRepository' could not be found (are you missing a using directive or an assembly reference?) [C:\Users\ADMIN\Desktop\ProjPRN222\GearZone\GearZone.Infrastructure\GearZone.Infrastructure.csproj]
C:\Users\ADMIN\Desktop\ProjPRN222\GearZone\GearZone.Infrastructure\DependencyInjection.cs(29,50): error CS0246: The type or namespace name 'StoreRepository' could not be found (are you missing a using directive or an assembly reference?) [C:\Users\ADMIN\Desktop\ProjPRN222\GearZone\GearZone.Infrastructure\GearZone.Infrastructure.csproj]
C:\Users\ADMIN\Desktop\ProjPRN222\GearZone\GearZone.Infrastructure\DependencyInjection.cs(30,32): error CS0246: The type or namespace name 'IUserRepository' could not be found (are you missing a using directive or an assembly reference?) [C:\Users\ADMIN\Desktop\ProjPRN222\GearZone\GearZone.Infrastructure\GearZone.Infrastructure.csproj]
C:\Users\ADMIN\Desktop\ProjPRN222\GearZone\GearZone.Infrastructure\DependencyInjection.cs(30,49): error CS0246: The type or namespace name 'UserRepository' could not be found (are you missing a using directive or an assembly reference?) [C:\Users\ADMIN\Desktop\ProjPRN222\GearZone\GearZone.Infrastructure\GearZone.Infrastructure.csproj]
C:\Users\ADMIN\Desktop\ProjPRN222\GearZone\GearZone.Infrastructure\DependencyInjection.cs(31,32): error CS0246: The type or namespace name 'ISystemSettingRepository' could not be found (are you missing a using directive or an assembly reference?) [C:\Users\ADMIN\Desktop\ProjPRN222\GearZone\GearZone.Infrastructure\GearZone.Infrastructure.csproj]
C:\Users\ADMIN\Desktop\ProjPRN222\GearZone\GearZone.Infrastructure\DependencyInjection.cs(31,58): error CS0246: The type or namespace name 'SystemSettingRepository' could not be found (are you missing a using directive or an assembly reference?) [C:\Users\ADMIN\Desktop\ProjPRN222\GearZone\GearZone.Infrastructure\GearZone.Infrastructure.csproj]
C:\Users\ADMIN\Desktop\ProjPRN222\GearZone\GearZone.Infrastructure\DependencyInjection.cs(44,25): error CS1061: 'DbContextOptionsBuilder' does not contain a definition for 'UseSqlServer' and no accessible extension method 'UseSqlServer' accepting a first argument of type 'DbContextOptionsBuilder' could be found (are you missing a using directive or an assembly reference?) [C:\Users\ADMIN\Desktop\ProjPRN222\GearZone\GearZone.Infrastructure\GearZone.Infrastructure.csproj]
C:\Users\ADMIN\Desktop\ProjPRN222\GearZone\GearZone.Infrastructure\Repositories\UserRepository.cs(39,21): warning CS8602: Dereference of a possibly null reference. [C:\Users\ADMIN\Desktop\ProjPRN222\GearZone\GearZone.Infrastructure\GearZone.Infrastructure.csproj]
C:\Users\ADMIN\Desktop\ProjPRN222\GearZone\GearZone.Infrastructure\Repositories\UserRepository.cs(40,21): warning CS8602: Dereference of a possibly null reference. [C:\Users\ADMIN\Desktop\ProjPRN222\GearZone\GearZone.Infrastructure\GearZone.Infrastructure.csproj]
C:\Users\ADMIN\Desktop\ProjPRN222\GearZone\GearZone.Infrastructure\Repositories\Repository.cs(53,58): warning CS8602: Dereference of a possibly null reference. [C:\Users\ADMIN\Desktop\ProjPRN222\GearZone\GearZone.Infrastructure\GearZone.Infrastructure.csproj]

Build FAILED.

C:\Users\ADMIN\Desktop\ProjPRN222\GearZone\GearZone.Application\GearZone.Application.csproj : warning NU1510: PackageReference Microsoft.AspNetCore.Diagnostics.Abstractions will not be pruned. Consider removing this package from your dependencies, as it is likely unnecessary. [C:\Users\ADMIN\Desktop\ProjPRN222\GearZone\GearZone.slnx]
C:\Users\ADMIN\Desktop\ProjPRN222\GearZone\GearZone.Infrastructure\GearZone.Infrastructure.csproj : warning NU1510: PackageReference Microsoft.Extensions.DependencyInjection will not be pruned. Consider removing this package from your dependencies, as it is likely unnecessary. [C:\Users\ADMIN\Desktop\ProjPRN222\GearZone\GearZone.slnx]
C:\Users\ADMIN\Desktop\ProjPRN222\GearZone\GearZone.Application\GearZone.Application.csproj : warning NU1510: PackageReference Microsoft.AspNetCore.Mvc.Core will not be pruned. Consider removing this package from your dependencies, as it is likely unnecessary. [C:\Users\ADMIN\Desktop\ProjPRN222\GearZone\GearZone.slnx]
C:\Users\ADMIN\Desktop\ProjPRN222\GearZone\GearZone.Application\GearZone.Application.csproj : warning NU1903: Package 'Newtonsoft.Json' 9.0.1 has a known high severity vulnerability, https://github.com/advisories/GHSA-5crp-9r3c-p9vr [C:\Users\ADMIN\Desktop\ProjPRN222\GearZone\GearZone.slnx]
C:\Users\ADMIN\Desktop\ProjPRN222\GearZone\GearZone.Infrastructure\GearZone.Infrastructure.csproj : warning NU1510: PackageReference Microsoft.Extensions.DependencyInjection will not be pruned. Consider removing this package from your dependencies, as it is likely unnecessary.
C:\Users\ADMIN\Desktop\ProjPRN222\GearZone\GearZone.Application\GearZone.Application.csproj : warning NU1510: PackageReference Microsoft.AspNetCore.Diagnostics.Abstractions will not be pruned. Consider removing this package from your dependencies, as it is likely unnecessary.
C:\Users\ADMIN\Desktop\ProjPRN222\GearZone\GearZone.Application\GearZone.Application.csproj : warning NU1510: PackageReference Microsoft.AspNetCore.Mvc.Core will not be pruned. Consider removing this package from your dependencies, as it is likely unnecessary.
C:\Users\ADMIN\Desktop\ProjPRN222\GearZone\GearZone.Application\GearZone.Application.csproj : warning NU1903: Package 'Newtonsoft.Json' 9.0.1 has a known high severity vulnerability, https://github.com/advisories/GHSA-5crp-9r3c-p9vr
C:\Users\ADMIN\Desktop\ProjPRN222\GearZone\GearZone.Infrastructure\Repositories\SystemSettingRepository.cs(12,43): warning CS0108: 'SystemSettingRepository._context' hides inherited member 'Repository<SystemSetting, Guid>._context'. Use the new keyword if hiding was intended. [C:\Users\ADMIN\Desktop\ProjPRN222\GearZone\GearZone.Infrastructure\GearZone.Infrastructure.csproj]
C:\Users\ADMIN\Desktop\ProjPRN222\GearZone\GearZone.Infrastructure\Repositories\UserRepository.cs(39,21): warning CS8602: Dereference of a possibly null reference. [C:\Users\ADMIN\Desktop\ProjPRN222\GearZone\GearZone.Infrastructure\GearZone.Infrastructure.csproj]
C:\Users\ADMIN\Desktop\ProjPRN222\GearZone\GearZone.Infrastructure\Repositories\UserRepository.cs(40,21): warning CS8602: Dereference of a possibly null reference. [C:\Users\ADMIN\Desktop\ProjPRN222\GearZone\GearZone.Infrastructure\GearZone.Infrastructure.csproj]
C:\Users\ADMIN\Desktop\ProjPRN222\GearZone\GearZone.Infrastructure\Repositories\Repository.cs(53,58): warning CS8602: Dereference of a possibly null reference. [C:\Users\ADMIN\Desktop\ProjPRN222\GearZone\GearZone.Infrastructure\GearZone.Infrastructure.csproj]
C:\Users\ADMIN\Desktop\ProjPRN222\GearZone\GearZone.Infrastructure\DependencyInjection.cs(14,32): error CS0246: The type or namespace name 'IUnitOfWork' could not be found (are you missing a using directive or an assembly reference?) [C:\Users\ADMIN\Desktop\ProjPRN222\GearZone\GearZone.Infrastructure\GearZone.Infrastructure.csproj]
C:\Users\ADMIN\Desktop\ProjPRN222\GearZone\GearZone.Infrastructure\DependencyInjection.cs(14,45): error CS0246: The type or namespace name 'UnitOfWork' could not be found (are you missing a using directive or an assembly reference?) [C:\Users\ADMIN\Desktop\ProjPRN222\GearZone\GearZone.Infrastructure\GearZone.Infrastructure.csproj]
C:\Users\ADMIN\Desktop\ProjPRN222\GearZone\GearZone.Infrastructure\DependencyInjection.cs(15,32): error CS0246: The type or namespace name 'IFileStorageService' could not be found (are you missing a using directive or an assembly reference?) [C:\Users\ADMIN\Desktop\ProjPRN222\GearZone\GearZone.Infrastructure\GearZone.Infrastructure.csproj]
C:\Users\ADMIN\Desktop\ProjPRN222\GearZone\GearZone.Infrastructure\DependencyInjection.cs(15,53): error CS0246: The type or namespace name 'CloudinaryStorageService' could not be found (are you missing a using directive or an assembly reference?) [C:\Users\ADMIN\Desktop\ProjPRN222\GearZone\GearZone.Infrastructure\GearZone.Infrastructure.csproj]
C:\Users\ADMIN\Desktop\ProjPRN222\GearZone\GearZone.Infrastructure\DependencyInjection.cs(16,32): error CS0246: The type or namespace name 'IEmailService' could not be found (are you missing a using directive or an assembly reference?) [C:\Users\ADMIN\Desktop\ProjPRN222\GearZone\GearZone.Infrastructure\GearZone.Infrastructure.csproj]
C:\Users\ADMIN\Desktop\ProjPRN222\GearZone\GearZone.Infrastructure\DependencyInjection.cs(16,47): error CS0246: The type or namespace name 'SmtpEmailService' could not be found (are you missing a using directive or an assembly reference?) [C:\Users\ADMIN\Desktop\ProjPRN222\GearZone\GearZone.Infrastructure\GearZone.Infrastructure.csproj]
C:\Users\ADMIN\Desktop\ProjPRN222\GearZone\GearZone.Infrastructure\DependencyInjection.cs(17,32): error CS0246: The type or namespace name 'IPaymentService' could not be found (are you missing a using directive or an assembly reference?) [C:\Users\ADMIN\Desktop\ProjPRN222\GearZone\GearZone.Infrastructure\GearZone.Infrastructure.csproj]
C:\Users\ADMIN\Desktop\ProjPRN222\GearZone\GearZone.Infrastructure\DependencyInjection.cs(17,49): error CS0246: The type or namespace name 'PayOSPaymentService' could not be found (are you missing a using directive or an assembly reference?) [C:\Users\ADMIN\Desktop\ProjPRN222\GearZone\GearZone.Infrastructure\GearZone.Infrastructure.csproj]
C:\Users\ADMIN\Desktop\ProjPRN222\GearZone\GearZone.Infrastructure\DependencyInjection.cs(18,32): error CS0246: The type or namespace name 'ICartRepository' could not be found (are you missing a using directive or an assembly reference?) [C:\Users\ADMIN\Desktop\ProjPRN222\GearZone\GearZone.Infrastructure\GearZone.Infrastructure.csproj]
C:\Users\ADMIN\Desktop\ProjPRN222\GearZone\GearZone.Infrastructure\DependencyInjection.cs(18,49): error CS0246: The type or namespace name 'CartRepository' could not be found (are you missing a using directive or an assembly reference?) [C:\Users\ADMIN\Desktop\ProjPRN222\GearZone\GearZone.Infrastructure\GearZone.Infrastructure.csproj]
C:\Users\ADMIN\Desktop\ProjPRN222\GearZone\GearZone.Infrastructure\DependencyInjection.cs(19,32): error CS0246: The type or namespace name 'ICartItemRepository' could not be found (are you missing a using directive or an assembly reference?) [C:\Users\ADMIN\Desktop\ProjPRN222\GearZone\GearZone.Infrastructure\GearZone.Infrastructure.csproj]
C:\Users\ADMIN\Desktop\ProjPRN222\GearZone\GearZone.Infrastructure\DependencyInjection.cs(19,53): error CS0246: The type or namespace name 'CartItemRepository' could not be found (are you missing a using directive or an assembly reference?) [C:\Users\ADMIN\Desktop\ProjPRN222\GearZone\GearZone.Infrastructure\GearZone.Infrastructure.csproj]
C:\Users\ADMIN\Desktop\ProjPRN222\GearZone\GearZone.Infrastructure\DependencyInjection.cs(20,32): error CS0246: The type or namespace name 'ICategoryRepository' could not be found (are you missing a using directive or an assembly reference?) [C:\Users\ADMIN\Desktop\ProjPRN222\GearZone\GearZone.Infrastructure\GearZone.Infrastructure.csproj]
C:\Users\ADMIN\Desktop\ProjPRN222\GearZone\GearZone.Infrastructure\DependencyInjection.cs(20,53): error CS0246: The type or namespace name 'CategoryRepository' could not be found (are you missing a using directive or an assembly reference?) [C:\Users\ADMIN\Desktop\ProjPRN222\GearZone\GearZone.Infrastructure\GearZone.Infrastructure.csproj]
C:\Users\ADMIN\Desktop\ProjPRN222\GearZone\GearZone.Infrastructure\DependencyInjection.cs(21,32): error CS0246: The type or namespace name 'IInventoryTransactionRepository' could not be found (are you missing a using directive or an assembly reference?) [C:\Users\ADMIN\Desktop\ProjPRN222\GearZone\GearZone.Infrastructure\GearZone.Infrastructure.csproj]
C:\Users\ADMIN\Desktop\ProjPRN222\GearZone\GearZone.Infrastructure\DependencyInjection.cs(21,65): error CS0246: The type or namespace name 'InventoryTransactionRepository' could not be found (are you missing a using directive or an assembly reference?) [C:\Users\ADMIN\Desktop\ProjPRN222\GearZone\GearZone.Infrastructure\GearZone.Infrastructure.csproj]
C:\Users\ADMIN\Desktop\ProjPRN222\GearZone\GearZone.Infrastructure\DependencyInjection.cs(22,32): error CS0246: The type or namespace name 'IOrderRepository' could not be found (are you missing a using directive or an assembly reference?) [C:\Users\ADMIN\Desktop\ProjPRN222\GearZone\GearZone.Infrastructure\GearZone.Infrastructure.csproj]
C:\Users\ADMIN\Desktop\ProjPRN222\GearZone\GearZone.Infrastructure\DependencyInjection.cs(22,50): error CS0246: The type or namespace name 'OrderRepository' could not be found (are you missing a using directive or an assembly reference?) [C:\Users\ADMIN\Desktop\ProjPRN222\GearZone\GearZone.Infrastructure\GearZone.Infrastructure.csproj]
C:\Users\ADMIN\Desktop\ProjPRN222\GearZone\GearZone.Infrastructure\DependencyInjection.cs(23,32): error CS0246: The type or namespace name 'IOrderItemRepository' could not be found (are you missing a using directive or an assembly reference?) [C:\Users\ADMIN\Desktop\ProjPRN222\GearZone\GearZone.Infrastructure\GearZone.Infrastructure.csproj]
C:\Users\ADMIN\Desktop\ProjPRN222\GearZone\GearZone.Infrastructure\DependencyInjection.cs(23,54): error CS0246: The type or namespace name 'OrderItemRepository' could not be found (are you missing a using directive or an assembly reference?) [C:\Users\ADMIN\Desktop\ProjPRN222\GearZone\GearZone.Infrastructure\GearZone.Infrastructure.csproj]
C:\Users\ADMIN\Desktop\ProjPRN222\GearZone\GearZone.Infrastructure\DependencyInjection.cs(24,32): error CS0246: The type or namespace name 'IOrderStatusHistoryRepository' could not be found (are you missing a using directive or an assembly reference?) [C:\Users\ADMIN\Desktop\ProjPRN222\GearZone\GearZone.Infrastructure\GearZone.Infrastructure.csproj]
C:\Users\ADMIN\Desktop\ProjPRN222\GearZone\GearZone.Infrastructure\DependencyInjection.cs(24,63): error CS0246: The type or namespace name 'OrderStatusHistoryRepository' could not be found (are you missing a using directive or an assembly reference?) [C:\Users\ADMIN\Desktop\ProjPRN222\GearZone\GearZone.Infrastructure\GearZone.Infrastructure.csproj]
C:\Users\ADMIN\Desktop\ProjPRN222\GearZone\GearZone.Infrastructure\DependencyInjection.cs(25,32): error CS0246: The type or namespace name 'IPaymentRepository' could not be found (are you missing a using directive or an assembly reference?) [C:\Users\ADMIN\Desktop\ProjPRN222\GearZone\GearZone.Infrastructure\GearZone.Infrastructure.csproj]
C:\Users\ADMIN\Desktop\ProjPRN222\GearZone\GearZone.Infrastructure\DependencyInjection.cs(25,52): error CS0246: The type or namespace name 'PaymentRepository' could not be found (are you missing a using directive or an assembly reference?) [C:\Users\ADMIN\Desktop\ProjPRN222\GearZone\GearZone.Infrastructure\GearZone.Infrastructure.csproj]
C:\Users\ADMIN\Desktop\ProjPRN222\GearZone\GearZone.Infrastructure\DependencyInjection.cs(26,32): error CS0246: The type or namespace name 'IProductRepository' could not be found (are you missing a using directive or an assembly reference?) [C:\Users\ADMIN\Desktop\ProjPRN222\GearZone\GearZone.Infrastructure\GearZone.Infrastructure.csproj]
C:\Users\ADMIN\Desktop\ProjPRN222\GearZone\GearZone.Infrastructure\DependencyInjection.cs(26,52): error CS0246: The type or namespace name 'ProductRepository' could not be found (are you missing a using directive or an assembly reference?) [C:\Users\ADMIN\Desktop\ProjPRN222\GearZone\GearZone.Infrastructure\GearZone.Infrastructure.csproj]
C:\Users\ADMIN\Desktop\ProjPRN222\GearZone\GearZone.Infrastructure\DependencyInjection.cs(27,32): error CS0246: The type or namespace name 'IProductImageRepository' could not be found (are you missing a using directive or an assembly reference?) [C:\Users\ADMIN\Desktop\ProjPRN222\GearZone\GearZone.Infrastructure\GearZone.Infrastructure.csproj]
C:\Users\ADMIN\Desktop\ProjPRN222\GearZone\GearZone.Infrastructure\DependencyInjection.cs(27,57): error CS0246: The type or namespace name 'ProductImageRepository' could not be found (are you missing a using directive or an assembly reference?) [C:\Users\ADMIN\Desktop\ProjPRN222\GearZone\GearZone.Infrastructure\GearZone.Infrastructure.csproj]
C:\Users\ADMIN\Desktop\ProjPRN222\GearZone\GearZone.Infrastructure\DependencyInjection.cs(28,32): error CS0246: The type or namespace name 'IProductVariantRepository' could not be found (are you missing a using directive or an assembly reference?) [C:\Users\ADMIN\Desktop\ProjPRN222\GearZone\GearZone.Infrastructure\GearZone.Infrastructure.csproj]
C:\Users\ADMIN\Desktop\ProjPRN222\GearZone\GearZone.Infrastructure\DependencyInjection.cs(28,59): error CS0246: The type or namespace name 'ProductVariantRepository' could not be found (are you missing a using directive or an assembly reference?) [C:\Users\ADMIN\Desktop\ProjPRN222\GearZone\GearZone.Infrastructure\GearZone.Infrastructure.csproj]
C:\Users\ADMIN\Desktop\ProjPRN222\GearZone\GearZone.Infrastructure\DependencyInjection.cs(29,32): error CS0246: The type or namespace name 'IStoreRepository' could not be found (are you missing a using directive or an assembly reference?) [C:\Users\ADMIN\Desktop\ProjPRN222\GearZone\GearZone.Infrastructure\GearZone.Infrastructure.csproj]
C:\Users\ADMIN\Desktop\ProjPRN222\GearZone\GearZone.Infrastructure\DependencyInjection.cs(29,50): error CS0246: The type or namespace name 'StoreRepository' could not be found (are you missing a using directive or an assembly reference?) [C:\Users\ADMIN\Desktop\ProjPRN222\GearZone\GearZone.Infrastructure\GearZone.Infrastructure.csproj]
C:\Users\ADMIN\Desktop\ProjPRN222\GearZone\GearZone.Infrastructure\DependencyInjection.cs(30,32): error CS0246: The type or namespace name 'IUserRepository' could not be found (are you missing a using directive or an assembly reference?) [C:\Users\ADMIN\Desktop\ProjPRN222\GearZone\GearZone.Infrastructure\GearZone.Infrastructure.csproj]
C:\Users\ADMIN\Desktop\ProjPRN222\GearZone\GearZone.Infrastructure\DependencyInjection.cs(30,49): error CS0246: The type or namespace name 'UserRepository' could not be found (are you missing a using directive or an assembly reference?) [C:\Users\ADMIN\Desktop\ProjPRN222\GearZone\GearZone.Infrastructure\GearZone.Infrastructure.csproj]
C:\Users\ADMIN\Desktop\ProjPRN222\GearZone\GearZone.Infrastructure\DependencyInjection.cs(31,32): error CS0246: The type or namespace name 'ISystemSettingRepository' could not be found (are you missing a using directive or an assembly reference?) [C:\Users\ADMIN\Desktop\ProjPRN222\GearZone\GearZone.Infrastructure\GearZone.Infrastructure.csproj]
C:\Users\ADMIN\Desktop\ProjPRN222\GearZone\GearZone.Infrastructure\DependencyInjection.cs(31,58): error CS0246: The type or namespace name 'SystemSettingRepository' could not be found (are you missing a using directive or an assembly reference?) [C:\Users\ADMIN\Desktop\ProjPRN222\GearZone\GearZone.Infrastructure\GearZone.Infrastructure.csproj]
C:\Users\ADMIN\Desktop\ProjPRN222\GearZone\GearZone.Infrastructure\DependencyInjection.cs(44,25): error CS1061: 'DbContextOptionsBuilder' does not contain a definition for 'UseSqlServer' and no accessible extension method 'UseSqlServer' accepting a first argument of type 'DbContextOptionsBuilder' could be found (are you missing a using directive or an assembly reference?) [C:\Users\ADMIN\Desktop\ProjPRN222\GearZone\GearZone.Infrastructure\GearZone.Infrastructure.csproj]
    12 Warning(s)
    37 Error(s)

Time Elapsed 00:00:01.83
