  Determining projects to restore...
C:\Users\ADMIN\Desktop\Gearzone\GearZone\GearZone.Infrastructure\GearZone.Infrastructure.csproj : warning NU1510: PackageReference Microsoft.Extensions.DependencyInjection will not be pruned. Consider removing this package from your dependencies, as it is likely unnecessary. [C:\Users\ADMIN\Desktop\Gearzone\GearZone\GearZone.Web\GearZone.Web.csproj]
C:\Users\ADMIN\Desktop\Gearzone\GearZone\GearZone.Web\GearZone.Web.csproj : warning NU1902: Package 'MimeKit' 4.15.0 has a known moderate severity vulnerability, https://github.com/advisories/GHSA-g7hc-96xr-gvvx
C:\Users\ADMIN\Desktop\Gearzone\GearZone\GearZone.Infrastructure\GearZone.Infrastructure.csproj : warning NU1902: Package 'MimeKit' 4.15.0 has a known moderate severity vulnerability, https://github.com/advisories/GHSA-g7hc-96xr-gvvx [C:\Users\ADMIN\Desktop\Gearzone\GearZone\GearZone.Web\GearZone.Web.csproj]
  All projects are up-to-date for restore.
C:\Users\ADMIN\Desktop\Gearzone\GearZone\GearZone.Web\GearZone.Web.csproj : warning NU1902: Package 'MimeKit' 4.15.0 has a known moderate severity vulnerability, https://github.com/advisories/GHSA-g7hc-96xr-gvvx
C:\Users\ADMIN\Desktop\Gearzone\GearZone\GearZone.Infrastructure\GearZone.Infrastructure.csproj : warning NU1510: PackageReference Microsoft.Extensions.DependencyInjection will not be pruned. Consider removing this package from your dependencies, as it is likely unnecessary.
C:\Users\ADMIN\Desktop\Gearzone\GearZone\GearZone.Infrastructure\GearZone.Infrastructure.csproj : warning NU1902: Package 'MimeKit' 4.15.0 has a known moderate severity vulnerability, https://github.com/advisories/GHSA-g7hc-96xr-gvvx
  GearZone.Domain -> C:\Users\ADMIN\Desktop\Gearzone\GearZone\GearZone.Domain\bin\Debug\net10.0\GearZone.Domain.dll
  GearZone.Application -> C:\Users\ADMIN\Desktop\Gearzone\GearZone\GearZone.Application\bin\Debug\net10.0\GearZone.Application.dll
  GearZone.Infrastructure -> C:\Users\ADMIN\Desktop\Gearzone\GearZone\GearZone.Infrastructure\bin\Debug\net10.0\GearZone.Infrastructure.dll
C:\Program Files\dotnet\sdk\10.0.103\Microsoft.Common.CurrentVersion.targets(5080,5): warning MSB3026: Could not copy "C:\Users\ADMIN\Desktop\Gearzone\GearZone\GearZone.Infrastructure\bin\Debug\net10.0\GearZone.Infrastructure.dll" to "bin\Debug\net10.0\GearZone.Infrastructure.dll". Beginning retry 1 in 1000ms. The process cannot access the file 'C:\Users\ADMIN\Desktop\Gearzone\GearZone\GearZone.Web\bin\Debug\net10.0\GearZone.Infrastructure.dll' because it is being used by another process. The file is locked by: "GearZone.Web (12904)" [C:\Users\ADMIN\Desktop\Gearzone\GearZone\GearZone.Web\GearZone.Web.csproj]
C:\Program Files\dotnet\sdk\10.0.103\Microsoft.Common.CurrentVersion.targets(5080,5): warning MSB3026: Could not copy "C:\Users\ADMIN\Desktop\Gearzone\GearZone\GearZone.Application\bin\Debug\net10.0\GearZone.Application.dll" to "bin\Debug\net10.0\GearZone.Application.dll". Beginning retry 1 in 1000ms. The process cannot access the file 'C:\Users\ADMIN\Desktop\Gearzone\GearZone\GearZone.Web\bin\Debug\net10.0\GearZone.Application.dll' because it is being used by another process. The file is locked by: "GearZone.Web (12904)" [C:\Users\ADMIN\Desktop\Gearzone\GearZone\GearZone.Web\GearZone.Web.csproj]
C:\Program Files\dotnet\sdk\10.0.103\Microsoft.Common.CurrentVersion.targets(5080,5): warning MSB3026: Could not copy "C:\Users\ADMIN\Desktop\Gearzone\GearZone\GearZone.Application\bin\Debug\net10.0\GearZone.Application.dll" to "bin\Debug\net10.0\GearZone.Application.dll". Beginning retry 2 in 1000ms. The process cannot access the file 'C:\Users\ADMIN\Desktop\Gearzone\GearZone\GearZone.Web\bin\Debug\net10.0\GearZone.Application.dll' because it is being used by another process. The file is locked by: "GearZone.Web (12904)" [C:\Users\ADMIN\Desktop\Gearzone\GearZone\GearZone.Web\GearZone.Web.csproj]
C:\Program Files\dotnet\sdk\10.0.103\Microsoft.Common.CurrentVersion.targets(5080,5): warning MSB3026: Could not copy "C:\Users\ADMIN\Desktop\Gearzone\GearZone\GearZone.Infrastructure\bin\Debug\net10.0\GearZone.Infrastructure.dll" to "bin\Debug\net10.0\GearZone.Infrastructure.dll". Beginning retry 2 in 1000ms. The process cannot access the file 'C:\Users\ADMIN\Desktop\Gearzone\GearZone\GearZone.Web\bin\Debug\net10.0\GearZone.Infrastructure.dll' because it is being used by another process. The file is locked by: "GearZone.Web (12904)" [C:\Users\ADMIN\Desktop\Gearzone\GearZone\GearZone.Web\GearZone.Web.csproj]
C:\Program Files\dotnet\sdk\10.0.103\Microsoft.Common.CurrentVersion.targets(5080,5): warning MSB3026: Could not copy "C:\Users\ADMIN\Desktop\Gearzone\GearZone\GearZone.Application\bin\Debug\net10.0\GearZone.Application.dll" to "bin\Debug\net10.0\GearZone.Application.dll". Beginning retry 3 in 1000ms. The process cannot access the file 'C:\Users\ADMIN\Desktop\Gearzone\GearZone\GearZone.Web\bin\Debug\net10.0\GearZone.Application.dll' because it is being used by another process. The file is locked by: "GearZone.Web (12904)" [C:\Users\ADMIN\Desktop\Gearzone\GearZone\GearZone.Web\GearZone.Web.csproj]
C:\Program Files\dotnet\sdk\10.0.103\Microsoft.Common.CurrentVersion.targets(5080,5): warning MSB3026: Could not copy "C:\Users\ADMIN\Desktop\Gearzone\GearZone\GearZone.Infrastructure\bin\Debug\net10.0\GearZone.Infrastructure.dll" to "bin\Debug\net10.0\GearZone.Infrastructure.dll". Beginning retry 3 in 1000ms. The process cannot access the file 'C:\Users\ADMIN\Desktop\Gearzone\GearZone\GearZone.Web\bin\Debug\net10.0\GearZone.Infrastructure.dll' because it is being used by another process. The file is locked by: "GearZone.Web (12904)" [C:\Users\ADMIN\Desktop\Gearzone\GearZone\GearZone.Web\GearZone.Web.csproj]
C:\Program Files\dotnet\sdk\10.0.103\Microsoft.Common.CurrentVersion.targets(5080,5): warning MSB3026: Could not copy "C:\Users\ADMIN\Desktop\Gearzone\GearZone\GearZone.Application\bin\Debug\net10.0\GearZone.Application.dll" to "bin\Debug\net10.0\GearZone.Application.dll". Beginning retry 4 in 1000ms. The process cannot access the file 'C:\Users\ADMIN\Desktop\Gearzone\GearZone\GearZone.Web\bin\Debug\net10.0\GearZone.Application.dll' because it is being used by another process. The file is locked by: "GearZone.Web (12904)" [C:\Users\ADMIN\Desktop\Gearzone\GearZone\GearZone.Web\GearZone.Web.csproj]
C:\Program Files\dotnet\sdk\10.0.103\Microsoft.Common.CurrentVersion.targets(5080,5): warning MSB3026: Could not copy "C:\Users\ADMIN\Desktop\Gearzone\GearZone\GearZone.Infrastructure\bin\Debug\net10.0\GearZone.Infrastructure.dll" to "bin\Debug\net10.0\GearZone.Infrastructure.dll". Beginning retry 4 in 1000ms. The process cannot access the file 'C:\Users\ADMIN\Desktop\Gearzone\GearZone\GearZone.Web\bin\Debug\net10.0\GearZone.Infrastructure.dll' because it is being used by another process. The file is locked by: "GearZone.Web (12904)" [C:\Users\ADMIN\Desktop\Gearzone\GearZone\GearZone.Web\GearZone.Web.csproj]
C:\Program Files\dotnet\sdk\10.0.103\Microsoft.Common.CurrentVersion.targets(5080,5): warning MSB3026: Could not copy "C:\Users\ADMIN\Desktop\Gearzone\GearZone\GearZone.Application\bin\Debug\net10.0\GearZone.Application.dll" to "bin\Debug\net10.0\GearZone.Application.dll". Beginning retry 5 in 1000ms. The process cannot access the file 'C:\Users\ADMIN\Desktop\Gearzone\GearZone\GearZone.Web\bin\Debug\net10.0\GearZone.Application.dll' because it is being used by another process. The file is locked by: "GearZone.Web (12904)" [C:\Users\ADMIN\Desktop\Gearzone\GearZone\GearZone.Web\GearZone.Web.csproj]
C:\Program Files\dotnet\sdk\10.0.103\Microsoft.Common.CurrentVersion.targets(5080,5): warning MSB3026: Could not copy "C:\Users\ADMIN\Desktop\Gearzone\GearZone\GearZone.Infrastructure\bin\Debug\net10.0\GearZone.Infrastructure.dll" to "bin\Debug\net10.0\GearZone.Infrastructure.dll". Beginning retry 5 in 1000ms. The process cannot access the file 'C:\Users\ADMIN\Desktop\Gearzone\GearZone\GearZone.Web\bin\Debug\net10.0\GearZone.Infrastructure.dll' because it is being used by another process. The file is locked by: "GearZone.Web (12904)" [C:\Users\ADMIN\Desktop\Gearzone\GearZone\GearZone.Web\GearZone.Web.csproj]
C:\Program Files\dotnet\sdk\10.0.103\Microsoft.Common.CurrentVersion.targets(5080,5): warning MSB3026: Could not copy "C:\Users\ADMIN\Desktop\Gearzone\GearZone\GearZone.Application\bin\Debug\net10.0\GearZone.Application.dll" to "bin\Debug\net10.0\GearZone.Application.dll". Beginning retry 6 in 1000ms. The process cannot access the file 'C:\Users\ADMIN\Desktop\Gearzone\GearZone\GearZone.Web\bin\Debug\net10.0\GearZone.Application.dll' because it is being used by another process. The file is locked by: "GearZone.Web (12904)" [C:\Users\ADMIN\Desktop\Gearzone\GearZone\GearZone.Web\GearZone.Web.csproj]
C:\Program Files\dotnet\sdk\10.0.103\Microsoft.Common.CurrentVersion.targets(5080,5): warning MSB3026: Could not copy "C:\Users\ADMIN\Desktop\Gearzone\GearZone\GearZone.Infrastructure\bin\Debug\net10.0\GearZone.Infrastructure.dll" to "bin\Debug\net10.0\GearZone.Infrastructure.dll". Beginning retry 6 in 1000ms. The process cannot access the file 'C:\Users\ADMIN\Desktop\Gearzone\GearZone\GearZone.Web\bin\Debug\net10.0\GearZone.Infrastructure.dll' because it is being used by another process. The file is locked by: "GearZone.Web (12904)" [C:\Users\ADMIN\Desktop\Gearzone\GearZone\GearZone.Web\GearZone.Web.csproj]
C:\Program Files\dotnet\sdk\10.0.103\Microsoft.Common.CurrentVersion.targets(5080,5): warning MSB3026: Could not copy "C:\Users\ADMIN\Desktop\Gearzone\GearZone\GearZone.Application\bin\Debug\net10.0\GearZone.Application.dll" to "bin\Debug\net10.0\GearZone.Application.dll". Beginning retry 7 in 1000ms. The process cannot access the file 'C:\Users\ADMIN\Desktop\Gearzone\GearZone\GearZone.Web\bin\Debug\net10.0\GearZone.Application.dll' because it is being used by another process. The file is locked by: "GearZone.Web (12904)" [C:\Users\ADMIN\Desktop\Gearzone\GearZone\GearZone.Web\GearZone.Web.csproj]
C:\Program Files\dotnet\sdk\10.0.103\Microsoft.Common.CurrentVersion.targets(5080,5): warning MSB3026: Could not copy "C:\Users\ADMIN\Desktop\Gearzone\GearZone\GearZone.Infrastructure\bin\Debug\net10.0\GearZone.Infrastructure.dll" to "bin\Debug\net10.0\GearZone.Infrastructure.dll". Beginning retry 7 in 1000ms. The process cannot access the file 'C:\Users\ADMIN\Desktop\Gearzone\GearZone\GearZone.Web\bin\Debug\net10.0\GearZone.Infrastructure.dll' because it is being used by another process. The file is locked by: "GearZone.Web (12904)" [C:\Users\ADMIN\Desktop\Gearzone\GearZone\GearZone.Web\GearZone.Web.csproj]
C:\Program Files\dotnet\sdk\10.0.103\Microsoft.Common.CurrentVersion.targets(5080,5): warning MSB3026: Could not copy "C:\Users\ADMIN\Desktop\Gearzone\GearZone\GearZone.Application\bin\Debug\net10.0\GearZone.Application.dll" to "bin\Debug\net10.0\GearZone.Application.dll". Beginning retry 8 in 1000ms. The process cannot access the file 'C:\Users\ADMIN\Desktop\Gearzone\GearZone\GearZone.Web\bin\Debug\net10.0\GearZone.Application.dll' because it is being used by another process. The file is locked by: "GearZone.Web (12904)" [C:\Users\ADMIN\Desktop\Gearzone\GearZone\GearZone.Web\GearZone.Web.csproj]
C:\Program Files\dotnet\sdk\10.0.103\Microsoft.Common.CurrentVersion.targets(5080,5): warning MSB3026: Could not copy "C:\Users\ADMIN\Desktop\Gearzone\GearZone\GearZone.Infrastructure\bin\Debug\net10.0\GearZone.Infrastructure.dll" to "bin\Debug\net10.0\GearZone.Infrastructure.dll". Beginning retry 8 in 1000ms. The process cannot access the file 'C:\Users\ADMIN\Desktop\Gearzone\GearZone\GearZone.Web\bin\Debug\net10.0\GearZone.Infrastructure.dll' because it is being used by another process. The file is locked by: "GearZone.Web (12904)" [C:\Users\ADMIN\Desktop\Gearzone\GearZone\GearZone.Web\GearZone.Web.csproj]
C:\Program Files\dotnet\sdk\10.0.103\Microsoft.Common.CurrentVersion.targets(5080,5): warning MSB3026: Could not copy "C:\Users\ADMIN\Desktop\Gearzone\GearZone\GearZone.Application\bin\Debug\net10.0\GearZone.Application.dll" to "bin\Debug\net10.0\GearZone.Application.dll". Beginning retry 9 in 1000ms. The process cannot access the file 'C:\Users\ADMIN\Desktop\Gearzone\GearZone\GearZone.Web\bin\Debug\net10.0\GearZone.Application.dll' because it is being used by another process. The file is locked by: "GearZone.Web (12904)" [C:\Users\ADMIN\Desktop\Gearzone\GearZone\GearZone.Web\GearZone.Web.csproj]
C:\Program Files\dotnet\sdk\10.0.103\Microsoft.Common.CurrentVersion.targets(5080,5): warning MSB3026: Could not copy "C:\Users\ADMIN\Desktop\Gearzone\GearZone\GearZone.Infrastructure\bin\Debug\net10.0\GearZone.Infrastructure.dll" to "bin\Debug\net10.0\GearZone.Infrastructure.dll". Beginning retry 9 in 1000ms. The process cannot access the file 'C:\Users\ADMIN\Desktop\Gearzone\GearZone\GearZone.Web\bin\Debug\net10.0\GearZone.Infrastructure.dll' because it is being used by another process. The file is locked by: "GearZone.Web (12904)" [C:\Users\ADMIN\Desktop\Gearzone\GearZone\GearZone.Web\GearZone.Web.csproj]
C:\Program Files\dotnet\sdk\10.0.103\Microsoft.Common.CurrentVersion.targets(5080,5): warning MSB3026: Could not copy "C:\Users\ADMIN\Desktop\Gearzone\GearZone\GearZone.Application\bin\Debug\net10.0\GearZone.Application.dll" to "bin\Debug\net10.0\GearZone.Application.dll". Beginning retry 10 in 1000ms. The process cannot access the file 'C:\Users\ADMIN\Desktop\Gearzone\GearZone\GearZone.Web\bin\Debug\net10.0\GearZone.Application.dll' because it is being used by another process. The file is locked by: "GearZone.Web (12904)" [C:\Users\ADMIN\Desktop\Gearzone\GearZone\GearZone.Web\GearZone.Web.csproj]
C:\Program Files\dotnet\sdk\10.0.103\Microsoft.Common.CurrentVersion.targets(5080,5): warning MSB3026: Could not copy "C:\Users\ADMIN\Desktop\Gearzone\GearZone\GearZone.Infrastructure\bin\Debug\net10.0\GearZone.Infrastructure.dll" to "bin\Debug\net10.0\GearZone.Infrastructure.dll". Beginning retry 10 in 1000ms. The process cannot access the file 'C:\Users\ADMIN\Desktop\Gearzone\GearZone\GearZone.Web\bin\Debug\net10.0\GearZone.Infrastructure.dll' because it is being used by another process. The file is locked by: "GearZone.Web (12904)" [C:\Users\ADMIN\Desktop\Gearzone\GearZone\GearZone.Web\GearZone.Web.csproj]
C:\Program Files\dotnet\sdk\10.0.103\Microsoft.Common.CurrentVersion.targets(5080,5): error MSB3027: Could not copy "C:\Users\ADMIN\Desktop\Gearzone\GearZone\GearZone.Application\bin\Debug\net10.0\GearZone.Application.dll" to "bin\Debug\net10.0\GearZone.Application.dll". Exceeded retry count of 10. Failed. The file is locked by: "GearZone.Web (12904)" [C:\Users\ADMIN\Desktop\Gearzone\GearZone\GearZone.Web\GearZone.Web.csproj]
C:\Program Files\dotnet\sdk\10.0.103\Microsoft.Common.CurrentVersion.targets(5080,5): error MSB3021: Unable to copy file "C:\Users\ADMIN\Desktop\Gearzone\GearZone\GearZone.Application\bin\Debug\net10.0\GearZone.Application.dll" to "bin\Debug\net10.0\GearZone.Application.dll". The process cannot access the file 'C:\Users\ADMIN\Desktop\Gearzone\GearZone\GearZone.Web\bin\Debug\net10.0\GearZone.Application.dll' because it is being used by another process. [C:\Users\ADMIN\Desktop\Gearzone\GearZone\GearZone.Web\GearZone.Web.csproj]
C:\Program Files\dotnet\sdk\10.0.103\Microsoft.Common.CurrentVersion.targets(5080,5): error MSB3027: Could not copy "C:\Users\ADMIN\Desktop\Gearzone\GearZone\GearZone.Infrastructure\bin\Debug\net10.0\GearZone.Infrastructure.dll" to "bin\Debug\net10.0\GearZone.Infrastructure.dll". Exceeded retry count of 10. Failed. The file is locked by: "GearZone.Web (12904)" [C:\Users\ADMIN\Desktop\Gearzone\GearZone\GearZone.Web\GearZone.Web.csproj]
C:\Program Files\dotnet\sdk\10.0.103\Microsoft.Common.CurrentVersion.targets(5080,5): error MSB3021: Unable to copy file "C:\Users\ADMIN\Desktop\Gearzone\GearZone\GearZone.Infrastructure\bin\Debug\net10.0\GearZone.Infrastructure.dll" to "bin\Debug\net10.0\GearZone.Infrastructure.dll". The process cannot access the file 'C:\Users\ADMIN\Desktop\Gearzone\GearZone\GearZone.Web\bin\Debug\net10.0\GearZone.Infrastructure.dll' because it is being used by another process. [C:\Users\ADMIN\Desktop\Gearzone\GearZone\GearZone.Web\GearZone.Web.csproj]

Build FAILED.

C:\Users\ADMIN\Desktop\Gearzone\GearZone\GearZone.Infrastructure\GearZone.Infrastructure.csproj : warning NU1510: PackageReference Microsoft.Extensions.DependencyInjection will not be pruned. Consider removing this package from your dependencies, as it is likely unnecessary. [C:\Users\ADMIN\Desktop\Gearzone\GearZone\GearZone.Web\GearZone.Web.csproj]
C:\Users\ADMIN\Desktop\Gearzone\GearZone\GearZone.Web\GearZone.Web.csproj : warning NU1902: Package 'MimeKit' 4.15.0 has a known moderate severity vulnerability, https://github.com/advisories/GHSA-g7hc-96xr-gvvx
C:\Users\ADMIN\Desktop\Gearzone\GearZone\GearZone.Infrastructure\GearZone.Infrastructure.csproj : warning NU1902: Package 'MimeKit' 4.15.0 has a known moderate severity vulnerability, https://github.com/advisories/GHSA-g7hc-96xr-gvvx [C:\Users\ADMIN\Desktop\Gearzone\GearZone\GearZone.Web\GearZone.Web.csproj]
C:\Users\ADMIN\Desktop\Gearzone\GearZone\GearZone.Web\GearZone.Web.csproj : warning NU1902: Package 'MimeKit' 4.15.0 has a known moderate severity vulnerability, https://github.com/advisories/GHSA-g7hc-96xr-gvvx
C:\Users\ADMIN\Desktop\Gearzone\GearZone\GearZone.Infrastructure\GearZone.Infrastructure.csproj : warning NU1510: PackageReference Microsoft.Extensions.DependencyInjection will not be pruned. Consider removing this package from your dependencies, as it is likely unnecessary.
C:\Users\ADMIN\Desktop\Gearzone\GearZone\GearZone.Infrastructure\GearZone.Infrastructure.csproj : warning NU1902: Package 'MimeKit' 4.15.0 has a known moderate severity vulnerability, https://github.com/advisories/GHSA-g7hc-96xr-gvvx
C:\Program Files\dotnet\sdk\10.0.103\Microsoft.Common.CurrentVersion.targets(5080,5): warning MSB3026: Could not copy "C:\Users\ADMIN\Desktop\Gearzone\GearZone\GearZone.Infrastructure\bin\Debug\net10.0\GearZone.Infrastructure.dll" to "bin\Debug\net10.0\GearZone.Infrastructure.dll". Beginning retry 1 in 1000ms. The process cannot access the file 'C:\Users\ADMIN\Desktop\Gearzone\GearZone\GearZone.Web\bin\Debug\net10.0\GearZone.Infrastructure.dll' because it is being used by another process. The file is locked by: "GearZone.Web (12904)" [C:\Users\ADMIN\Desktop\Gearzone\GearZone\GearZone.Web\GearZone.Web.csproj]
C:\Program Files\dotnet\sdk\10.0.103\Microsoft.Common.CurrentVersion.targets(5080,5): warning MSB3026: Could not copy "C:\Users\ADMIN\Desktop\Gearzone\GearZone\GearZone.Application\bin\Debug\net10.0\GearZone.Application.dll" to "bin\Debug\net10.0\GearZone.Application.dll". Beginning retry 1 in 1000ms. The process cannot access the file 'C:\Users\ADMIN\Desktop\Gearzone\GearZone\GearZone.Web\bin\Debug\net10.0\GearZone.Application.dll' because it is being used by another process. The file is locked by: "GearZone.Web (12904)" [C:\Users\ADMIN\Desktop\Gearzone\GearZone\GearZone.Web\GearZone.Web.csproj]
C:\Program Files\dotnet\sdk\10.0.103\Microsoft.Common.CurrentVersion.targets(5080,5): warning MSB3026: Could not copy "C:\Users\ADMIN\Desktop\Gearzone\GearZone\GearZone.Application\bin\Debug\net10.0\GearZone.Application.dll" to "bin\Debug\net10.0\GearZone.Application.dll". Beginning retry 2 in 1000ms. The process cannot access the file 'C:\Users\ADMIN\Desktop\Gearzone\GearZone\GearZone.Web\bin\Debug\net10.0\GearZone.Application.dll' because it is being used by another process. The file is locked by: "GearZone.Web (12904)" [C:\Users\ADMIN\Desktop\Gearzone\GearZone\GearZone.Web\GearZone.Web.csproj]
C:\Program Files\dotnet\sdk\10.0.103\Microsoft.Common.CurrentVersion.targets(5080,5): warning MSB3026: Could not copy "C:\Users\ADMIN\Desktop\Gearzone\GearZone\GearZone.Infrastructure\bin\Debug\net10.0\GearZone.Infrastructure.dll" to "bin\Debug\net10.0\GearZone.Infrastructure.dll". Beginning retry 2 in 1000ms. The process cannot access the file 'C:\Users\ADMIN\Desktop\Gearzone\GearZone\GearZone.Web\bin\Debug\net10.0\GearZone.Infrastructure.dll' because it is being used by another process. The file is locked by: "GearZone.Web (12904)" [C:\Users\ADMIN\Desktop\Gearzone\GearZone\GearZone.Web\GearZone.Web.csproj]
C:\Program Files\dotnet\sdk\10.0.103\Microsoft.Common.CurrentVersion.targets(5080,5): warning MSB3026: Could not copy "C:\Users\ADMIN\Desktop\Gearzone\GearZone\GearZone.Application\bin\Debug\net10.0\GearZone.Application.dll" to "bin\Debug\net10.0\GearZone.Application.dll". Beginning retry 3 in 1000ms. The process cannot access the file 'C:\Users\ADMIN\Desktop\Gearzone\GearZone\GearZone.Web\bin\Debug\net10.0\GearZone.Application.dll' because it is being used by another process. The file is locked by: "GearZone.Web (12904)" [C:\Users\ADMIN\Desktop\Gearzone\GearZone\GearZone.Web\GearZone.Web.csproj]
C:\Program Files\dotnet\sdk\10.0.103\Microsoft.Common.CurrentVersion.targets(5080,5): warning MSB3026: Could not copy "C:\Users\ADMIN\Desktop\Gearzone\GearZone\GearZone.Infrastructure\bin\Debug\net10.0\GearZone.Infrastructure.dll" to "bin\Debug\net10.0\GearZone.Infrastructure.dll". Beginning retry 3 in 1000ms. The process cannot access the file 'C:\Users\ADMIN\Desktop\Gearzone\GearZone\GearZone.Web\bin\Debug\net10.0\GearZone.Infrastructure.dll' because it is being used by another process. The file is locked by: "GearZone.Web (12904)" [C:\Users\ADMIN\Desktop\Gearzone\GearZone\GearZone.Web\GearZone.Web.csproj]
C:\Program Files\dotnet\sdk\10.0.103\Microsoft.Common.CurrentVersion.targets(5080,5): warning MSB3026: Could not copy "C:\Users\ADMIN\Desktop\Gearzone\GearZone\GearZone.Application\bin\Debug\net10.0\GearZone.Application.dll" to "bin\Debug\net10.0\GearZone.Application.dll". Beginning retry 4 in 1000ms. The process cannot access the file 'C:\Users\ADMIN\Desktop\Gearzone\GearZone\GearZone.Web\bin\Debug\net10.0\GearZone.Application.dll' because it is being used by another process. The file is locked by: "GearZone.Web (12904)" [C:\Users\ADMIN\Desktop\Gearzone\GearZone\GearZone.Web\GearZone.Web.csproj]
C:\Program Files\dotnet\sdk\10.0.103\Microsoft.Common.CurrentVersion.targets(5080,5): warning MSB3026: Could not copy "C:\Users\ADMIN\Desktop\Gearzone\GearZone\GearZone.Infrastructure\bin\Debug\net10.0\GearZone.Infrastructure.dll" to "bin\Debug\net10.0\GearZone.Infrastructure.dll". Beginning retry 4 in 1000ms. The process cannot access the file 'C:\Users\ADMIN\Desktop\Gearzone\GearZone\GearZone.Web\bin\Debug\net10.0\GearZone.Infrastructure.dll' because it is being used by another process. The file is locked by: "GearZone.Web (12904)" [C:\Users\ADMIN\Desktop\Gearzone\GearZone\GearZone.Web\GearZone.Web.csproj]
C:\Program Files\dotnet\sdk\10.0.103\Microsoft.Common.CurrentVersion.targets(5080,5): warning MSB3026: Could not copy "C:\Users\ADMIN\Desktop\Gearzone\GearZone\GearZone.Application\bin\Debug\net10.0\GearZone.Application.dll" to "bin\Debug\net10.0\GearZone.Application.dll". Beginning retry 5 in 1000ms. The process cannot access the file 'C:\Users\ADMIN\Desktop\Gearzone\GearZone\GearZone.Web\bin\Debug\net10.0\GearZone.Application.dll' because it is being used by another process. The file is locked by: "GearZone.Web (12904)" [C:\Users\ADMIN\Desktop\Gearzone\GearZone\GearZone.Web\GearZone.Web.csproj]
C:\Program Files\dotnet\sdk\10.0.103\Microsoft.Common.CurrentVersion.targets(5080,5): warning MSB3026: Could not copy "C:\Users\ADMIN\Desktop\Gearzone\GearZone\GearZone.Infrastructure\bin\Debug\net10.0\GearZone.Infrastructure.dll" to "bin\Debug\net10.0\GearZone.Infrastructure.dll". Beginning retry 5 in 1000ms. The process cannot access the file 'C:\Users\ADMIN\Desktop\Gearzone\GearZone\GearZone.Web\bin\Debug\net10.0\GearZone.Infrastructure.dll' because it is being used by another process. The file is locked by: "GearZone.Web (12904)" [C:\Users\ADMIN\Desktop\Gearzone\GearZone\GearZone.Web\GearZone.Web.csproj]
C:\Program Files\dotnet\sdk\10.0.103\Microsoft.Common.CurrentVersion.targets(5080,5): warning MSB3026: Could not copy "C:\Users\ADMIN\Desktop\Gearzone\GearZone\GearZone.Application\bin\Debug\net10.0\GearZone.Application.dll" to "bin\Debug\net10.0\GearZone.Application.dll". Beginning retry 6 in 1000ms. The process cannot access the file 'C:\Users\ADMIN\Desktop\Gearzone\GearZone\GearZone.Web\bin\Debug\net10.0\GearZone.Application.dll' because it is being used by another process. The file is locked by: "GearZone.Web (12904)" [C:\Users\ADMIN\Desktop\Gearzone\GearZone\GearZone.Web\GearZone.Web.csproj]
C:\Program Files\dotnet\sdk\10.0.103\Microsoft.Common.CurrentVersion.targets(5080,5): warning MSB3026: Could not copy "C:\Users\ADMIN\Desktop\Gearzone\GearZone\GearZone.Infrastructure\bin\Debug\net10.0\GearZone.Infrastructure.dll" to "bin\Debug\net10.0\GearZone.Infrastructure.dll". Beginning retry 6 in 1000ms. The process cannot access the file 'C:\Users\ADMIN\Desktop\Gearzone\GearZone\GearZone.Web\bin\Debug\net10.0\GearZone.Infrastructure.dll' because it is being used by another process. The file is locked by: "GearZone.Web (12904)" [C:\Users\ADMIN\Desktop\Gearzone\GearZone\GearZone.Web\GearZone.Web.csproj]
C:\Program Files\dotnet\sdk\10.0.103\Microsoft.Common.CurrentVersion.targets(5080,5): warning MSB3026: Could not copy "C:\Users\ADMIN\Desktop\Gearzone\GearZone\GearZone.Application\bin\Debug\net10.0\GearZone.Application.dll" to "bin\Debug\net10.0\GearZone.Application.dll". Beginning retry 7 in 1000ms. The process cannot access the file 'C:\Users\ADMIN\Desktop\Gearzone\GearZone\GearZone.Web\bin\Debug\net10.0\GearZone.Application.dll' because it is being used by another process. The file is locked by: "GearZone.Web (12904)" [C:\Users\ADMIN\Desktop\Gearzone\GearZone\GearZone.Web\GearZone.Web.csproj]
C:\Program Files\dotnet\sdk\10.0.103\Microsoft.Common.CurrentVersion.targets(5080,5): warning MSB3026: Could not copy "C:\Users\ADMIN\Desktop\Gearzone\GearZone\GearZone.Infrastructure\bin\Debug\net10.0\GearZone.Infrastructure.dll" to "bin\Debug\net10.0\GearZone.Infrastructure.dll". Beginning retry 7 in 1000ms. The process cannot access the file 'C:\Users\ADMIN\Desktop\Gearzone\GearZone\GearZone.Web\bin\Debug\net10.0\GearZone.Infrastructure.dll' because it is being used by another process. The file is locked by: "GearZone.Web (12904)" [C:\Users\ADMIN\Desktop\Gearzone\GearZone\GearZone.Web\GearZone.Web.csproj]
C:\Program Files\dotnet\sdk\10.0.103\Microsoft.Common.CurrentVersion.targets(5080,5): warning MSB3026: Could not copy "C:\Users\ADMIN\Desktop\Gearzone\GearZone\GearZone.Application\bin\Debug\net10.0\GearZone.Application.dll" to "bin\Debug\net10.0\GearZone.Application.dll". Beginning retry 8 in 1000ms. The process cannot access the file 'C:\Users\ADMIN\Desktop\Gearzone\GearZone\GearZone.Web\bin\Debug\net10.0\GearZone.Application.dll' because it is being used by another process. The file is locked by: "GearZone.Web (12904)" [C:\Users\ADMIN\Desktop\Gearzone\GearZone\GearZone.Web\GearZone.Web.csproj]
C:\Program Files\dotnet\sdk\10.0.103\Microsoft.Common.CurrentVersion.targets(5080,5): warning MSB3026: Could not copy "C:\Users\ADMIN\Desktop\Gearzone\GearZone\GearZone.Infrastructure\bin\Debug\net10.0\GearZone.Infrastructure.dll" to "bin\Debug\net10.0\GearZone.Infrastructure.dll". Beginning retry 8 in 1000ms. The process cannot access the file 'C:\Users\ADMIN\Desktop\Gearzone\GearZone\GearZone.Web\bin\Debug\net10.0\GearZone.Infrastructure.dll' because it is being used by another process. The file is locked by: "GearZone.Web (12904)" [C:\Users\ADMIN\Desktop\Gearzone\GearZone\GearZone.Web\GearZone.Web.csproj]
C:\Program Files\dotnet\sdk\10.0.103\Microsoft.Common.CurrentVersion.targets(5080,5): warning MSB3026: Could not copy "C:\Users\ADMIN\Desktop\Gearzone\GearZone\GearZone.Application\bin\Debug\net10.0\GearZone.Application.dll" to "bin\Debug\net10.0\GearZone.Application.dll". Beginning retry 9 in 1000ms. The process cannot access the file 'C:\Users\ADMIN\Desktop\Gearzone\GearZone\GearZone.Web\bin\Debug\net10.0\GearZone.Application.dll' because it is being used by another process. The file is locked by: "GearZone.Web (12904)" [C:\Users\ADMIN\Desktop\Gearzone\GearZone\GearZone.Web\GearZone.Web.csproj]
C:\Program Files\dotnet\sdk\10.0.103\Microsoft.Common.CurrentVersion.targets(5080,5): warning MSB3026: Could not copy "C:\Users\ADMIN\Desktop\Gearzone\GearZone\GearZone.Infrastructure\bin\Debug\net10.0\GearZone.Infrastructure.dll" to "bin\Debug\net10.0\GearZone.Infrastructure.dll". Beginning retry 9 in 1000ms. The process cannot access the file 'C:\Users\ADMIN\Desktop\Gearzone\GearZone\GearZone.Web\bin\Debug\net10.0\GearZone.Infrastructure.dll' because it is being used by another process. The file is locked by: "GearZone.Web (12904)" [C:\Users\ADMIN\Desktop\Gearzone\GearZone\GearZone.Web\GearZone.Web.csproj]
C:\Program Files\dotnet\sdk\10.0.103\Microsoft.Common.CurrentVersion.targets(5080,5): warning MSB3026: Could not copy "C:\Users\ADMIN\Desktop\Gearzone\GearZone\GearZone.Application\bin\Debug\net10.0\GearZone.Application.dll" to "bin\Debug\net10.0\GearZone.Application.dll". Beginning retry 10 in 1000ms. The process cannot access the file 'C:\Users\ADMIN\Desktop\Gearzone\GearZone\GearZone.Web\bin\Debug\net10.0\GearZone.Application.dll' because it is being used by another process. The file is locked by: "GearZone.Web (12904)" [C:\Users\ADMIN\Desktop\Gearzone\GearZone\GearZone.Web\GearZone.Web.csproj]
C:\Program Files\dotnet\sdk\10.0.103\Microsoft.Common.CurrentVersion.targets(5080,5): warning MSB3026: Could not copy "C:\Users\ADMIN\Desktop\Gearzone\GearZone\GearZone.Infrastructure\bin\Debug\net10.0\GearZone.Infrastructure.dll" to "bin\Debug\net10.0\GearZone.Infrastructure.dll". Beginning retry 10 in 1000ms. The process cannot access the file 'C:\Users\ADMIN\Desktop\Gearzone\GearZone\GearZone.Web\bin\Debug\net10.0\GearZone.Infrastructure.dll' because it is being used by another process. The file is locked by: "GearZone.Web (12904)" [C:\Users\ADMIN\Desktop\Gearzone\GearZone\GearZone.Web\GearZone.Web.csproj]
C:\Program Files\dotnet\sdk\10.0.103\Microsoft.Common.CurrentVersion.targets(5080,5): error MSB3027: Could not copy "C:\Users\ADMIN\Desktop\Gearzone\GearZone\GearZone.Application\bin\Debug\net10.0\GearZone.Application.dll" to "bin\Debug\net10.0\GearZone.Application.dll". Exceeded retry count of 10. Failed. The file is locked by: "GearZone.Web (12904)" [C:\Users\ADMIN\Desktop\Gearzone\GearZone\GearZone.Web\GearZone.Web.csproj]
C:\Program Files\dotnet\sdk\10.0.103\Microsoft.Common.CurrentVersion.targets(5080,5): error MSB3021: Unable to copy file "C:\Users\ADMIN\Desktop\Gearzone\GearZone\GearZone.Application\bin\Debug\net10.0\GearZone.Application.dll" to "bin\Debug\net10.0\GearZone.Application.dll". The process cannot access the file 'C:\Users\ADMIN\Desktop\Gearzone\GearZone\GearZone.Web\bin\Debug\net10.0\GearZone.Application.dll' because it is being used by another process. [C:\Users\ADMIN\Desktop\Gearzone\GearZone\GearZone.Web\GearZone.Web.csproj]
C:\Program Files\dotnet\sdk\10.0.103\Microsoft.Common.CurrentVersion.targets(5080,5): error MSB3027: Could not copy "C:\Users\ADMIN\Desktop\Gearzone\GearZone\GearZone.Infrastructure\bin\Debug\net10.0\GearZone.Infrastructure.dll" to "bin\Debug\net10.0\GearZone.Infrastructure.dll". Exceeded retry count of 10. Failed. The file is locked by: "GearZone.Web (12904)" [C:\Users\ADMIN\Desktop\Gearzone\GearZone\GearZone.Web\GearZone.Web.csproj]
C:\Program Files\dotnet\sdk\10.0.103\Microsoft.Common.CurrentVersion.targets(5080,5): error MSB3021: Unable to copy file "C:\Users\ADMIN\Desktop\Gearzone\GearZone\GearZone.Infrastructure\bin\Debug\net10.0\GearZone.Infrastructure.dll" to "bin\Debug\net10.0\GearZone.Infrastructure.dll". The process cannot access the file 'C:\Users\ADMIN\Desktop\Gearzone\GearZone\GearZone.Web\bin\Debug\net10.0\GearZone.Infrastructure.dll' because it is being used by another process. [C:\Users\ADMIN\Desktop\Gearzone\GearZone\GearZone.Web\GearZone.Web.csproj]
    26 Warning(s)
    4 Error(s)

Time Elapsed 00:00:13.49
