  Determining projects to restore...
D:\University\Semester7\PRN222\GearZone\GearZone.Application\GearZone.Application.csproj : warning NU1903: Package 'AutoMapper' 12.0.1 has a known high severity vulnerability, https://github.com/advisories/GHSA-rvv3-g6hj-g44x [D:\University\Semester7\PRN222\GearZone\GearZone.Web\GearZone.Web.csproj]
D:\University\Semester7\PRN222\GearZone\GearZone.Infrastructure\GearZone.Infrastructure.csproj : warning NU1510: PackageReference Microsoft.Extensions.DependencyInjection will not be pruned. Consider removing this package from your dependencies, as it is likely unnecessary. [D:\University\Semester7\PRN222\GearZone\GearZone.Web\GearZone.Web.csproj]
D:\University\Semester7\PRN222\GearZone\GearZone.Web\GearZone.Web.csproj : warning NU1903: Package 'AutoMapper' 12.0.1 has a known high severity vulnerability, https://github.com/advisories/GHSA-rvv3-g6hj-g44x
D:\University\Semester7\PRN222\GearZone\GearZone.Web\GearZone.Web.csproj : warning NU1902: Package 'MimeKit' 4.15.0 has a known moderate severity vulnerability, https://github.com/advisories/GHSA-g7hc-96xr-gvvx
D:\University\Semester7\PRN222\GearZone\GearZone.Infrastructure\GearZone.Infrastructure.csproj : warning NU1903: Package 'AutoMapper' 12.0.1 has a known high severity vulnerability, https://github.com/advisories/GHSA-rvv3-g6hj-g44x [D:\University\Semester7\PRN222\GearZone\GearZone.Web\GearZone.Web.csproj]
D:\University\Semester7\PRN222\GearZone\GearZone.Infrastructure\GearZone.Infrastructure.csproj : warning NU1902: Package 'MimeKit' 4.15.0 has a known moderate severity vulnerability, https://github.com/advisories/GHSA-g7hc-96xr-gvvx [D:\University\Semester7\PRN222\GearZone\GearZone.Web\GearZone.Web.csproj]
  All projects are up-to-date for restore.
D:\University\Semester7\PRN222\GearZone\GearZone.Web\GearZone.Web.csproj : warning NU1903: Package 'AutoMapper' 12.0.1 has a known high severity vulnerability, https://github.com/advisories/GHSA-rvv3-g6hj-g44x
D:\University\Semester7\PRN222\GearZone\GearZone.Web\GearZone.Web.csproj : warning NU1902: Package 'MimeKit' 4.15.0 has a known moderate severity vulnerability, https://github.com/advisories/GHSA-g7hc-96xr-gvvx
D:\University\Semester7\PRN222\GearZone\GearZone.Application\GearZone.Application.csproj : warning NU1903: Package 'AutoMapper' 12.0.1 has a known high severity vulnerability, https://github.com/advisories/GHSA-rvv3-g6hj-g44x
D:\University\Semester7\PRN222\GearZone\GearZone.Infrastructure\GearZone.Infrastructure.csproj : warning NU1510: PackageReference Microsoft.Extensions.DependencyInjection will not be pruned. Consider removing this package from your dependencies, as it is likely unnecessary.
D:\University\Semester7\PRN222\GearZone\GearZone.Infrastructure\GearZone.Infrastructure.csproj : warning NU1903: Package 'AutoMapper' 12.0.1 has a known high severity vulnerability, https://github.com/advisories/GHSA-rvv3-g6hj-g44x
D:\University\Semester7\PRN222\GearZone\GearZone.Infrastructure\GearZone.Infrastructure.csproj : warning NU1902: Package 'MimeKit' 4.15.0 has a known moderate severity vulnerability, https://github.com/advisories/GHSA-g7hc-96xr-gvvx
  GearZone.Domain -> D:\University\Semester7\PRN222\GearZone\GearZone.Domain\bin\Debug\net10.0\GearZone.Domain.dll
D:\University\Semester7\PRN222\GearZone\GearZone.Application\DependencyInjection.cs(9,7): warning CS0105: The using directive for 'GearZone.Application.Features.Payment' appeared previously in this namespace [D:\University\Semester7\PRN222\GearZone\GearZone.Application\GearZone.Application.csproj]
D:\University\Semester7\PRN222\GearZone\GearZone.Application\Features\Checkout\CheckoutService.cs(7,7): error CS0246: The type or namespace name 'Hangfire' could not be found (are you missing a using directive or an assembly reference?) [D:\University\Semester7\PRN222\GearZone\GearZone.Application\GearZone.Application.csproj]

Build FAILED.

D:\University\Semester7\PRN222\GearZone\GearZone.Application\GearZone.Application.csproj : warning NU1903: Package 'AutoMapper' 12.0.1 has a known high severity vulnerability, https://github.com/advisories/GHSA-rvv3-g6hj-g44x [D:\University\Semester7\PRN222\GearZone\GearZone.Web\GearZone.Web.csproj]
D:\University\Semester7\PRN222\GearZone\GearZone.Infrastructure\GearZone.Infrastructure.csproj : warning NU1510: PackageReference Microsoft.Extensions.DependencyInjection will not be pruned. Consider removing this package from your dependencies, as it is likely unnecessary. [D:\University\Semester7\PRN222\GearZone\GearZone.Web\GearZone.Web.csproj]
D:\University\Semester7\PRN222\GearZone\GearZone.Web\GearZone.Web.csproj : warning NU1903: Package 'AutoMapper' 12.0.1 has a known high severity vulnerability, https://github.com/advisories/GHSA-rvv3-g6hj-g44x
D:\University\Semester7\PRN222\GearZone\GearZone.Web\GearZone.Web.csproj : warning NU1902: Package 'MimeKit' 4.15.0 has a known moderate severity vulnerability, https://github.com/advisories/GHSA-g7hc-96xr-gvvx
D:\University\Semester7\PRN222\GearZone\GearZone.Infrastructure\GearZone.Infrastructure.csproj : warning NU1903: Package 'AutoMapper' 12.0.1 has a known high severity vulnerability, https://github.com/advisories/GHSA-rvv3-g6hj-g44x [D:\University\Semester7\PRN222\GearZone\GearZone.Web\GearZone.Web.csproj]
D:\University\Semester7\PRN222\GearZone\GearZone.Infrastructure\GearZone.Infrastructure.csproj : warning NU1902: Package 'MimeKit' 4.15.0 has a known moderate severity vulnerability, https://github.com/advisories/GHSA-g7hc-96xr-gvvx [D:\University\Semester7\PRN222\GearZone\GearZone.Web\GearZone.Web.csproj]
D:\University\Semester7\PRN222\GearZone\GearZone.Web\GearZone.Web.csproj : warning NU1903: Package 'AutoMapper' 12.0.1 has a known high severity vulnerability, https://github.com/advisories/GHSA-rvv3-g6hj-g44x
D:\University\Semester7\PRN222\GearZone\GearZone.Web\GearZone.Web.csproj : warning NU1902: Package 'MimeKit' 4.15.0 has a known moderate severity vulnerability, https://github.com/advisories/GHSA-g7hc-96xr-gvvx
D:\University\Semester7\PRN222\GearZone\GearZone.Application\GearZone.Application.csproj : warning NU1903: Package 'AutoMapper' 12.0.1 has a known high severity vulnerability, https://github.com/advisories/GHSA-rvv3-g6hj-g44x
D:\University\Semester7\PRN222\GearZone\GearZone.Infrastructure\GearZone.Infrastructure.csproj : warning NU1510: PackageReference Microsoft.Extensions.DependencyInjection will not be pruned. Consider removing this package from your dependencies, as it is likely unnecessary.
D:\University\Semester7\PRN222\GearZone\GearZone.Infrastructure\GearZone.Infrastructure.csproj : warning NU1903: Package 'AutoMapper' 12.0.1 has a known high severity vulnerability, https://github.com/advisories/GHSA-rvv3-g6hj-g44x
D:\University\Semester7\PRN222\GearZone\GearZone.Infrastructure\GearZone.Infrastructure.csproj : warning NU1902: Package 'MimeKit' 4.15.0 has a known moderate severity vulnerability, https://github.com/advisories/GHSA-g7hc-96xr-gvvx
D:\University\Semester7\PRN222\GearZone\GearZone.Application\DependencyInjection.cs(9,7): warning CS0105: The using directive for 'GearZone.Application.Features.Payment' appeared previously in this namespace [D:\University\Semester7\PRN222\GearZone\GearZone.Application\GearZone.Application.csproj]
D:\University\Semester7\PRN222\GearZone\GearZone.Application\Features\Checkout\CheckoutService.cs(7,7): error CS0246: The type or namespace name 'Hangfire' could not be found (are you missing a using directive or an assembly reference?) [D:\University\Semester7\PRN222\GearZone\GearZone.Application\GearZone.Application.csproj]
    13 Warning(s)
    1 Error(s)

Time Elapsed 00:00:03.56
